// Jest Snapshot v1, https://goo.gl/fbAQLP

exports[`main App tests App initialization 1`] = `
<Provider
  store={
    Object {
      "dispatch": [Function],
      "getState": [Function],
      "replaceReducer": [Function],
      "subscribe": [Function],
      Symbol(observable): [Function],
    }
  }
>
  <MuiThemeProvider
    theme={
      Object {
        "breakpoints": Object {
          "between": [Function],
          "down": [Function],
          "keys": Array [
            "xs",
            "sm",
            "md",
            "lg",
            "xl",
          ],
          "only": [Function],
          "up": [Function],
          "values": Object {
            "lg": 1280,
            "md": 960,
            "sm": 600,
            "xl": 1920,
            "xs": 0,
          },
          "width": [Function],
        },
        "direction": "ltr",
        "mixins": Object {
          "gutters": [Function],
          "toolbar": Object {
            "@media (min-width:0px) and (orientation: landscape)": Object {
              "minHeight": 48,
            },
            "@media (min-width:600px)": Object {
              "minHeight": 64,
            },
            "minHeight": 56,
          },
        },
        "overrides": Object {},
        "palette": Object {
          "action": Object {
            "active": "rgba(0, 0, 0, 0.54)",
            "disabled": "rgba(0, 0, 0, 0.26)",
            "disabledBackground": "rgba(0, 0, 0, 0.12)",
            "hover": "rgba(0, 0, 0, 0.08)",
            "hoverOpacity": 0.08,
            "selected": "rgba(0, 0, 0, 0.14)",
          },
          "augmentColor": [Function],
          "background": Object {
            "default": "#fafafa",
            "paper": "#fff",
          },
          "common": Object {
            "black": "#000",
            "white": "#fff",
          },
          "contrastThreshold": 3,
          "divider": "rgba(0, 0, 0, 0.12)",
          "error": Object {
            "contrastText": "#fff",
            "dark": "#d32f2f",
            "light": "#e57373",
            "main": "#f44336",
          },
          "getContrastText": [Function],
          "grey": Object {
            "100": "#f5f5f5",
            "200": "#eeeeee",
            "300": "#e0e0e0",
            "400": "#bdbdbd",
            "50": "#fafafa",
            "500": "#9e9e9e",
            "600": "#757575",
            "700": "#616161",
            "800": "#424242",
            "900": "#212121",
            "A100": "#d5d5d5",
            "A200": "#aaaaaa",
            "A400": "#303030",
            "A700": "#616161",
          },
          "primary": Object {
            "100": "#c5cae9",
            "200": "#9fa8da",
            "300": "#7986cb",
            "400": "#5c6bc0",
            "50": "#e8eaf6",
            "500": "#3f51b5",
            "600": "#3949ab",
            "700": "#303f9f",
            "800": "#283593",
            "900": "#1a237e",
            "A100": "#8c9eff",
            "A200": "#536dfe",
            "A400": "#3d5afe",
            "A700": "#304ffe",
            "contrastText": "#fff",
            "dark": "#303f9f",
            "light": "#7986cb",
            "main": "#3f51b5",
          },
          "secondary": Object {
            "100": "#c5cae9",
            "200": "#9fa8da",
            "300": "#7986cb",
            "400": "#5c6bc0",
            "50": "#e8eaf6",
            "500": "#3f51b5",
            "600": "#3949ab",
            "700": "#303f9f",
            "800": "#283593",
            "900": "#1a237e",
            "A100": "#8c9eff",
            "A200": "#536dfe",
            "A400": "#3d5afe",
            "A700": "#304ffe",
            "contrastText": "#fff",
            "dark": "#303f9f",
            "light": "#7986cb",
            "main": "#3f51b5",
          },
          "text": Object {
            "disabled": "rgba(0, 0, 0, 0.38)",
            "hint": "rgba(0, 0, 0, 0.38)",
            "primary": "rgba(0, 0, 0, 0.87)",
            "secondary": "rgba(0, 0, 0, 0.54)",
          },
          "tonalOffset": 0.2,
          "type": "light",
        },
        "props": Object {},
        "shadows": Array [
          "none",
          "0px 1px 3px 0px rgba(0, 0, 0, 0.2),0px 1px 1px 0px rgba(0, 0, 0, 0.14),0px 2px 1px -1px rgba(0, 0, 0, 0.12)",
          "0px 1px 5px 0px rgba(0, 0, 0, 0.2),0px 2px 2px 0px rgba(0, 0, 0, 0.14),0px 3px 1px -2px rgba(0, 0, 0, 0.12)",
          "0px 1px 8px 0px rgba(0, 0, 0, 0.2),0px 3px 4px 0px rgba(0, 0, 0, 0.14),0px 3px 3px -2px rgba(0, 0, 0, 0.12)",
          "0px 2px 4px -1px rgba(0, 0, 0, 0.2),0px 4px 5px 0px rgba(0, 0, 0, 0.14),0px 1px 10px 0px rgba(0, 0, 0, 0.12)",
          "0px 3px 5px -1px rgba(0, 0, 0, 0.2),0px 5px 8px 0px rgba(0, 0, 0, 0.14),0px 1px 14px 0px rgba(0, 0, 0, 0.12)",
          "0px 3px 5px -1px rgba(0, 0, 0, 0.2),0px 6px 10px 0px rgba(0, 0, 0, 0.14),0px 1px 18px 0px rgba(0, 0, 0, 0.12)",
          "0px 4px 5px -2px rgba(0, 0, 0, 0.2),0px 7px 10px 1px rgba(0, 0, 0, 0.14),0px 2px 16px 1px rgba(0, 0, 0, 0.12)",
          "0px 5px 5px -3px rgba(0, 0, 0, 0.2),0px 8px 10px 1px rgba(0, 0, 0, 0.14),0px 3px 14px 2px rgba(0, 0, 0, 0.12)",
          "0px 5px 6px -3px rgba(0, 0, 0, 0.2),0px 9px 12px 1px rgba(0, 0, 0, 0.14),0px 3px 16px 2px rgba(0, 0, 0, 0.12)",
          "0px 6px 6px -3px rgba(0, 0, 0, 0.2),0px 10px 14px 1px rgba(0, 0, 0, 0.14),0px 4px 18px 3px rgba(0, 0, 0, 0.12)",
          "0px 6px 7px -4px rgba(0, 0, 0, 0.2),0px 11px 15px 1px rgba(0, 0, 0, 0.14),0px 4px 20px 3px rgba(0, 0, 0, 0.12)",
          "0px 7px 8px -4px rgba(0, 0, 0, 0.2),0px 12px 17px 2px rgba(0, 0, 0, 0.14),0px 5px 22px 4px rgba(0, 0, 0, 0.12)",
          "0px 7px 8px -4px rgba(0, 0, 0, 0.2),0px 13px 19px 2px rgba(0, 0, 0, 0.14),0px 5px 24px 4px rgba(0, 0, 0, 0.12)",
          "0px 7px 9px -4px rgba(0, 0, 0, 0.2),0px 14px 21px 2px rgba(0, 0, 0, 0.14),0px 5px 26px 4px rgba(0, 0, 0, 0.12)",
          "0px 8px 9px -5px rgba(0, 0, 0, 0.2),0px 15px 22px 2px rgba(0, 0, 0, 0.14),0px 6px 28px 5px rgba(0, 0, 0, 0.12)",
          "0px 8px 10px -5px rgba(0, 0, 0, 0.2),0px 16px 24px 2px rgba(0, 0, 0, 0.14),0px 6px 30px 5px rgba(0, 0, 0, 0.12)",
          "0px 8px 11px -5px rgba(0, 0, 0, 0.2),0px 17px 26px 2px rgba(0, 0, 0, 0.14),0px 6px 32px 5px rgba(0, 0, 0, 0.12)",
          "0px 9px 11px -5px rgba(0, 0, 0, 0.2),0px 18px 28px 2px rgba(0, 0, 0, 0.14),0px 7px 34px 6px rgba(0, 0, 0, 0.12)",
          "0px 9px 12px -6px rgba(0, 0, 0, 0.2),0px 19px 29px 2px rgba(0, 0, 0, 0.14),0px 7px 36px 6px rgba(0, 0, 0, 0.12)",
          "0px 10px 13px -6px rgba(0, 0, 0, 0.2),0px 20px 31px 3px rgba(0, 0, 0, 0.14),0px 8px 38px 7px rgba(0, 0, 0, 0.12)",
          "0px 10px 13px -6px rgba(0, 0, 0, 0.2),0px 21px 33px 3px rgba(0, 0, 0, 0.14),0px 8px 40px 7px rgba(0, 0, 0, 0.12)",
          "0px 10px 14px -6px rgba(0, 0, 0, 0.2),0px 22px 35px 3px rgba(0, 0, 0, 0.14),0px 8px 42px 7px rgba(0, 0, 0, 0.12)",
          "0px 11px 14px -7px rgba(0, 0, 0, 0.2),0px 23px 36px 3px rgba(0, 0, 0, 0.14),0px 9px 44px 8px rgba(0, 0, 0, 0.12)",
          "0px 11px 15px -7px rgba(0, 0, 0, 0.2),0px 24px 38px 3px rgba(0, 0, 0, 0.14),0px 9px 46px 8px rgba(0, 0, 0, 0.12)",
        ],
        "shape": Object {
          "borderRadius": 4,
        },
        "spacing": Object {
          "unit": 8,
        },
        "transitions": Object {
          "create": [Function],
          "duration": Object {
            "complex": 375,
            "enteringScreen": 225,
            "leavingScreen": 195,
            "short": 250,
            "shorter": 200,
            "shortest": 150,
            "standard": 300,
          },
          "easing": Object {
            "easeIn": "cubic-bezier(0.4, 0, 1, 1)",
            "easeInOut": "cubic-bezier(0.4, 0, 0.2, 1)",
            "easeOut": "cubic-bezier(0.0, 0, 0.2, 1)",
            "sharp": "cubic-bezier(0.4, 0, 0.6, 1)",
          },
          "getAutoHeightDuration": [Function],
        },
        "typography": Object {
          "body1": Object {
            "color": "rgba(0, 0, 0, 0.87)",
            "fontFamily": "\\"Roboto\\", \\"Helvetica\\", \\"Arial\\", sans-serif",
            "fontSize": "0.875rem",
            "fontWeight": 400,
            "lineHeight": "1.46429em",
          },
          "body2": Object {
            "color": "rgba(0, 0, 0, 0.87)",
            "fontFamily": "\\"Roboto\\", \\"Helvetica\\", \\"Arial\\", sans-serif",
            "fontSize": "0.875rem",
            "fontWeight": 500,
            "lineHeight": "1.71429em",
          },
          "button": Object {
            "color": "rgba(0, 0, 0, 0.87)",
            "fontFamily": "\\"Roboto\\", \\"Helvetica\\", \\"Arial\\", sans-serif",
            "fontSize": "0.875rem",
            "fontWeight": 500,
            "textTransform": "uppercase",
          },
          "caption": Object {
            "color": "rgba(0, 0, 0, 0.54)",
            "fontFamily": "\\"Roboto\\", \\"Helvetica\\", \\"Arial\\", sans-serif",
            "fontSize": "0.75rem",
            "fontWeight": 400,
            "lineHeight": "1.375em",
          },
          "display1": Object {
            "color": "rgba(0, 0, 0, 0.54)",
            "fontFamily": "\\"Roboto\\", \\"Helvetica\\", \\"Arial\\", sans-serif",
            "fontSize": "2.125rem",
            "fontWeight": 400,
            "lineHeight": "1.20588em",
          },
          "display2": Object {
            "color": "rgba(0, 0, 0, 0.54)",
            "fontFamily": "\\"Roboto\\", \\"Helvetica\\", \\"Arial\\", sans-serif",
            "fontSize": "2.8125rem",
            "fontWeight": 400,
            "lineHeight": "1.13333em",
            "marginLeft": "-.02em",
          },
          "display3": Object {
            "color": "rgba(0, 0, 0, 0.54)",
            "fontFamily": "\\"Roboto\\", \\"Helvetica\\", \\"Arial\\", sans-serif",
            "fontSize": "3.5rem",
            "fontWeight": 400,
            "letterSpacing": "-.02em",
            "lineHeight": "1.30357em",
            "marginLeft": "-.02em",
          },
          "display4": Object {
            "color": "rgba(0, 0, 0, 0.54)",
            "fontFamily": "\\"Roboto\\", \\"Helvetica\\", \\"Arial\\", sans-serif",
            "fontSize": "7rem",
            "fontWeight": 300,
            "letterSpacing": "-.04em",
            "lineHeight": "1.14286em",
            "marginLeft": "-.04em",
          },
          "fontFamily": "\\"Roboto\\", \\"Helvetica\\", \\"Arial\\", sans-serif",
          "fontSize": 14,
          "fontWeightLight": 300,
          "fontWeightMedium": 500,
          "fontWeightRegular": 400,
          "headline": Object {
            "color": "rgba(0, 0, 0, 0.87)",
            "fontFamily": "\\"Roboto\\", \\"Helvetica\\", \\"Arial\\", sans-serif",
            "fontSize": "1.5rem",
            "fontWeight": 400,
            "lineHeight": "1.35417em",
          },
          "pxToRem": [Function],
          "round": [Function],
          "subheading": Object {
            "color": "rgba(0, 0, 0, 0.87)",
            "fontFamily": "\\"Roboto\\", \\"Helvetica\\", \\"Arial\\", sans-serif",
            "fontSize": "1rem",
            "fontWeight": 400,
            "lineHeight": "1.5em",
          },
          "title": Object {
            "color": "rgba(0, 0, 0, 0.87)",
            "fontFamily": "\\"Roboto\\", \\"Helvetica\\", \\"Arial\\", sans-serif",
            "fontSize": "1.3125rem",
            "fontWeight": 500,
            "lineHeight": "1.16667em",
          },
        },
        "zIndex": Object {
          "appBar": 1100,
          "drawer": 1200,
          "mobileStepper": 1000,
          "modal": 1300,
          "snackbar": 1400,
          "tooltip": 1500,
        },
      }
    }
  >
    <Router
      history={
        Object {
          "action": "POP",
          "block": [Function],
          "createHref": [Function],
          "go": [Function],
          "goBack": [Function],
          "goForward": [Function],
          "length": 1,
          "listen": [Function],
          "location": Object {
            "hash": "",
            "pathname": "/",
            "search": "",
            "state": undefined,
          },
          "push": [Function],
          "replace": [Function],
        }
      }
    >
      <Switch>
        <Route
          path="/auth/callback"
          render={[Function]}
        />
        <Route
          exact={true}
          path="/"
          render={[Function]}
        />
        <Route
          path="/search"
          render={[Function]}
        />
        <Route
          path="/gallery"
          render={[Function]}
        />
        <Route
          path="/show/bdr::IRI"
          render={[Function]}
        />
        <Route
          render={[Function]}
        />
      </Switch>
    </Router>
  </MuiThemeProvider>
</Provider>
`;

exports[`main App tests App initialization 2`] = `
"{
  \\"auth\\": {
    \\"domain\\": \\"bdrc-io.auth0.com\\",
    \\"clientID\\": \\"bZRCKQvibdCq5gF7gV2biIH9rLcqfVcS\\",
    \\"redirectUri\\": \\"http://localhost:3000/auth/callback\\",
    \\"audience\\": \\"https://bdrc-io.auth0.com/userinfo\\",
    \\"responseType\\": \\"token id_token\\",
    \\"scope\\": \\"openid user_metadata app_metada\\"
  },
  \\"ldspdi\\": {
    \\"endpoints\\": [
      \\"http://localhost:8080\\",
      \\"http://localhost:13280\\",
      \\"http://buda1.bdrc.io:13280\\",
      \\"http://purl.bdrc.io\\",
      \\"http://localhost:5555\\"
    ],
    \\"index\\": 4
  },
  \\"iiif\\": {
    \\"endpoints\\": [
      \\"http://localhost:9000\\",
      \\"http://iiif.bdrc.io\\",
      \\"http://localhost:5555\\"
    ],
    \\"index\\": 2
  },
  \\"rkts\\": {
    \\"endpoints\\": [
      \\"http://localhost:8080\\"
    ],
    \\"index\\": 0
  },
  \\"facets\\": {
    \\"Place\\": {
      \\"relation\\": \\"http://purl.bdrc.io/ontology/tmp/relationType\\"
    },
    \\"Lineage\\": {
      \\"relation\\": \\"http://purl.bdrc.io/ontology/tmp/relationType\\"
    },
    \\"Person\\": {
      \\"relation\\": \\"http://purl.bdrc.io/ontology/tmp/relationType\\",
      \\"gender\\": \\"http://purl.bdrc.io/ontology/core/personGender\\"
    },
    \\"Work\\": {
      \\"relation\\": \\"http://purl.bdrc.io/ontology/tmp/relationType\\",
      \\"langScript\\": \\"http://purl.bdrc.io/ontology/core/workLangScript\\",
      \\"status\\": \\"http://purl.bdrc.io/ontology/admin/status\\",
      \\"access\\": \\"http://purl.bdrc.io/ontology/admin/access\\",
      \\"license\\": \\"http://purl.bdrc.io/ontology/admin/license\\",
      \\"type\\": \\"http://purl.bdrc.io/ontology/core/workType\\",
      \\"partType\\": \\"http://purl.bdrc.io/ontology/core/workPartType\\",
      \\"tree\\": \\"http://purl.bdrc.io/ontology/core/workGenre\\"
    },
    \\"Etext\\": {
      \\"tree\\": \\"http://purl.bdrc.io/ontology/core/workGenre\\"
    }
  },
  \\"links\\": [
    {
      \\"title\\": \\"Abstract text of the Bodhisattvacaryāvatāra\\",
      \\"id\\": \\"W19740\\",
      \\"label\\": \\"spyod 'jug\\",
      \\"lang\\": \\"bo-x-ewts\\",
      \\"icon\\": \\"Abstract Work\\"
    },
    {
      \\"title\\": \\"Shantideva\\",
      \\"id\\": \\"P6161\\",
      \\"label\\": \\"zhi ba lha/\\"
    }
  ]
}"
`;

exports[`main App tests App initialization 3`] = `
Object {
  "auth": Object {
    "audience": "https://bdrc-io.auth0.com/userinfo",
    "clientID": "bZRCKQvibdCq5gF7gV2biIH9rLcqfVcS",
    "domain": "bdrc-io.auth0.com",
    "redirectUri": "http://localhost:3000/auth/callback",
    "responseType": "token id_token",
    "scope": "openid user_metadata app_metada",
  },
  "facets": Object {
    "Etext": Object {
      "tree": "http://purl.bdrc.io/ontology/core/workGenre",
    },
    "Lineage": Object {
      "relation": "http://purl.bdrc.io/ontology/tmp/relationType",
    },
    "Person": Object {
      "gender": "http://purl.bdrc.io/ontology/core/personGender",
      "relation": "http://purl.bdrc.io/ontology/tmp/relationType",
    },
    "Place": Object {
      "relation": "http://purl.bdrc.io/ontology/tmp/relationType",
    },
    "Work": Object {
      "access": "http://purl.bdrc.io/ontology/admin/access",
      "langScript": "http://purl.bdrc.io/ontology/core/workLangScript",
      "license": "http://purl.bdrc.io/ontology/admin/license",
      "partType": "http://purl.bdrc.io/ontology/core/workPartType",
      "relation": "http://purl.bdrc.io/ontology/tmp/relationType",
      "status": "http://purl.bdrc.io/ontology/admin/status",
      "tree": "http://purl.bdrc.io/ontology/core/workGenre",
      "type": "http://purl.bdrc.io/ontology/core/workType",
    },
  },
  "iiif": Object {
    "endpoints": Array [
      "http://localhost:9000",
      "http://iiif.bdrc.io",
      "http://localhost:5555",
    ],
    "index": 2,
  },
  "ldspdi": Object {
    "endpoints": Array [
      "http://localhost:8080",
      "http://localhost:13280",
      "http://buda1.bdrc.io:13280",
      "http://purl.bdrc.io",
      "http://localhost:5555",
    ],
    "index": 4,
  },
  "links": Array [
    Object {
      "icon": "Abstract Work",
      "id": "W19740",
      "label": "spyod 'jug",
      "lang": "bo-x-ewts",
      "title": "Abstract text of the Bodhisattvacaryāvatāra",
    },
    Object {
      "id": "P6161",
      "label": "zhi ba lha/",
      "title": "Shantideva",
    },
  ],
  "rkts": Object {
    "endpoints": Array [
      "http://localhost:8080",
    ],
    "index": 0,
  },
}
`;

exports[`main App tests start a search 1`] = `
Object {
  "auth": Object {
    "audience": "https://bdrc-io.auth0.com/userinfo",
    "clientID": "bZRCKQvibdCq5gF7gV2biIH9rLcqfVcS",
    "domain": "bdrc-io.auth0.com",
    "redirectUri": "http://localhost:3000/auth/callback",
    "responseType": "token id_token",
    "scope": "openid user_metadata app_metada",
  },
  "facets": Object {
    "Etext": Object {
      "tree": "http://purl.bdrc.io/ontology/core/workGenre",
    },
    "Lineage": Object {
      "relation": "http://purl.bdrc.io/ontology/tmp/relationType",
    },
    "Person": Object {
      "gender": "http://purl.bdrc.io/ontology/core/personGender",
      "relation": "http://purl.bdrc.io/ontology/tmp/relationType",
    },
    "Place": Object {
      "relation": "http://purl.bdrc.io/ontology/tmp/relationType",
    },
    "Work": Object {
      "access": "http://purl.bdrc.io/ontology/admin/access",
      "langScript": "http://purl.bdrc.io/ontology/core/workLangScript",
      "license": "http://purl.bdrc.io/ontology/admin/license",
      "partType": "http://purl.bdrc.io/ontology/core/workPartType",
      "relation": "http://purl.bdrc.io/ontology/tmp/relationType",
      "status": "http://purl.bdrc.io/ontology/admin/status",
      "tree": "http://purl.bdrc.io/ontology/core/workGenre",
      "type": "http://purl.bdrc.io/ontology/core/workType",
    },
  },
  "iiif": Object {
    "endpoints": Array [
      "http://localhost:9000",
      "http://iiif.bdrc.io",
      "http://localhost:5555",
    ],
    "index": 2,
  },
  "ldspdi": Object {
    "endpoints": Array [
      "http://localhost:8080",
      "http://localhost:13280",
      "http://buda1.bdrc.io:13280",
      "http://purl.bdrc.io",
      "http://localhost:5555",
    ],
    "index": 4,
  },
  "links": Array [
    Object {
      "icon": "Abstract Work",
      "id": "W19740",
      "label": "spyod 'jug",
      "lang": "bo-x-ewts",
      "title": "Abstract text of the Bodhisattvacaryāvatāra",
    },
    Object {
      "id": "P6161",
      "label": "zhi ba lha/",
      "title": "Shantideva",
    },
  ],
  "rkts": Object {
    "endpoints": Array [
      "http://localhost:8080",
    ],
    "index": 0,
  },
}
`;
